BEGIN:VCALENDAR
PRODID:-//K Desktop Environment//NONSGML libkcal 3.5//EN
VERSION:2.0
BEGIN:VEVENT
DTSTAMP:20050604T165651Z
ORGANIZER:MAILTO:reinhold@kainhofer.com
CREATED:20050520T104909Z
UID:KOrganizer-1943919749.348
SEQUENCE:2
LAST-MODIFIED:20050520T105735Z
SUMMARY:20. Mai 2005\, 14-15 Uhr\, alle 2 Wochen am Di/Do\, 27 Mal
PRIORITY:5
RRULE:FREQ=WEEKLY;COUNT=27;INTERVAL=2;BYDAY=TU,TH
DTSTART:20050520T130000Z
DTEND:20050520T140000Z
TRANSP:OPAQUE
END:VEVENT

END:VCALENDAR
