BEGIN:VCALENDAR
PRODID:-//K Desktop Environment//NONSGML libkcal 3.5//EN
VERSION:2.0
BEGIN:VEVENT
DTSTAMP:20050604T165652Z
ORGANIZER:MAILTO:reinhold@kainhofer.com
CREATED:20050520T104755Z
UID:KOrganizer-872504546.272
LAST-MODIFIED:20050520T104755Z
SUMMARY:20. Mai 2005\, 12-13 Uhr\, alle 3 Tage\, 50 mal
PRIORITY:5
RRULE:FREQ=DAILY;COUNT=50;INTERVAL=3
DTSTART:20050520T100000Z
DTEND:20050520T110000Z
TRANSP:OPAQUE
END:VEVENT

END:VCALENDAR
