BEGIN:VCARD
VERSION:3.0
FN:βγδεαβγδ1βγδεαβγδ1βγδεαβγδ1βγδεαβγδ1βγ
 δεαβγδ1βγδεαβγδ1βγδεαβγδ1βγδεαβγδ1βγδεα
 βγδ1βγδεαβγδ1βγδεαβγδ1
N:123ㄓㄕㄖbcdeαβγδαβγδαβγδαβγδαβγδαβγδαβㄤ
 ㄓㄕㄖ;;;;
NOTE:Длинный комментарий на русском языке\,
  чтобы в результате получилась строка бо
 лее 70 символов.
PRODID:-//ownCloud//NONSGML Contacts 0.3//EN
UID:20140316T155019.877e370c11@martin
END:VCARD

