BEGIN:VCARD
VERSION:3.0
ADR;TYPE=parcel,postal,work:;;6544 Battleford Drive;Raleigh;NC;27613-3502;U
 .S.A.
EMAIL;TYPE=INTERNET,PREF:Frank_Dawson@Lotus.com
EMAIL;TYPE=INTERNET:fdawson@earthlink.net
FN:Frank Dawson
N:;;;;
ORG:Lotus Development Corporation
TEL;TYPE=MSG,VOICE,WORK:+1-919-676-9515
TEL;TYPE=FAX,WORK:+1-919-676-9564
UID:gDVbA6LY3t
URL:http://home.earthlink.net/~fdawson
END:VCARD

