BEGIN:VCARD
VERSION:3.0
EMAIL;TYPE=WORK;X-EVOLUTION-UI-SLOT=1:goodlooking@example.com
FN:Good Looking
N:Looking;Good;;;
PHOTO;ENCODING=b;TYPE=WORK:iVBORw0KGgoAAAANSUhEUgAAAAMAAAADCAIAAADZSiLoAAAA
 CXBIWXMAAAsTAAALEwEAmpwYAAAAB3RJTUUH3wELCiUrjAUGmgAAABl0RVh0Q29tbWVudABDcmV
 hdGVkIHdpdGggR0lNUFeBDhcAAAAZSURBVAjXY/zPAAVMDAwMDP//MzAwMMLFAEMrBAHo3Yr/AA
 AAAElFTkSuQmCC
PHOTO;ENCODING=b;TYPE=HOME:iVBORw0KGgoAAAANSUhEUgAAAAMAAAADCAIAAADZSiLoAAAA
 CXBIWXMAAAsTAAALEwEAmpwYAAAAB3RJTUUH3wELCiQG0MFrrgAAABl0RVh0Q29tbWVudABDcmV
 hdGVkIHdpdGggR0lNUFeBDhcAAAAUSURBVAjXY/j//z8DAwOEhAG4GACzagv1unIx3wAAAABJRU
 5ErkJggg==
UID:pas-id-54B2522600000001
END:VCARD

