BEGIN:VCARD
VERSION:3.0
ADR;TYPE=pref,work:;;STREET;CITY;STATE;ZIP;COUNTRY
FN:Name of Broken Card
N:;SOMENAME;;;
NOTE:SOME NOTES
ORG:SOME COMPANY
PRODID:-//Apple Inc.//Mac OS X 10.11.6//EN
REV:2018-01-25T21:50:41Z
TEL;TYPE=PREF,VOICE,WORK:(111) 111-1111
UID:fe395f83-d5a6-49e3-ae22-ae0799a5aa99
X-ABShowAs-ABShowAs:COMPANY
END:VCARD

