# Feed begin ######################
# Item begin ######################
id: #hash:bf0e7994df8f6525effef0b76b7f4c05#
content: #<div xmlns="derp" base="derp"/>#
# Item end ########################
# Item begin ######################
id: #hash:bf0e7994df8f6525effef0b76b7f4c05#
content: #<div xmlns="derp" base="derp"/>#
# Item end ########################
# Feed end ########################

