/*
 * $Id: cdk.map,v 1.5 2019/02/20 23:30:50 tom Exp $
 * script for shared library versioning
 */

/* 2004/10/04 */
CDK_2.0.0 {
	global:
		Beep;
		CDKDEBUG;
		CDKVersion;
		CDKallocStrings;
		CDKcountStrings;
		CDKfreeChtypes;
		CDKfreeStrings;
		CDKgetDirectoryContents;
		CDKparamNumber;
		CDKparamNumber2;
		CDKparamString;
		CDKparamString2;
		CDKparamValue;
		CDKparseParams;
		CDKparsePosition;
		CDKreadFile;
		CDKsplitString;
		GPasteBuffer;
		_destroyCDKObject;
		_newCDKObject;
		activateCDKAlphalist;
		activateCDKButton;
		activateCDKButtonbox;
		activateCDKCalendar;
		activateCDKDScale;
		activateCDKDialog;
		activateCDKEntry;
		activateCDKFScale;
		activateCDKFSlider;
		activateCDKFselect;
		activateCDKGraph;
		activateCDKHistogram;
		activateCDKItemlist;
		activateCDKLabel;
		activateCDKMarquee;
		activateCDKMatrix;
		activateCDKMentry;
		activateCDKMenu;
		activateCDKRadio;
		activateCDKScale;
		activateCDKScroll;
		activateCDKSelection;
		activateCDKSlider;
		activateCDKSwindow;
		activateCDKTemplate;
		activateCDKUScale;
		activateCDKUSlider;
		activateCDKViewer;
		addCDKScrollItem;
		addCDKSwindow;
		alignxy;
		attrbox;
		baseName;
		bindCDKObject;
		boxWindow;
		ceilCDK;
		char2Chtype;
		char2DisplayType;
		checkCDKObjectBind;
		checkForLink;
		chlen;
		chstrncpy;
		chtype2Char;
		chtype2String;
		cleanCDKEntry;
		cleanCDKMatrix;
		cleanCDKMatrixCell;
		cleanCDKMentry;
		cleanCDKObjectBindings;
		cleanCDKSwindow;
		cleanCDKTemplate;
		cleanCDKViewer;
		cleanCdkTitle;
		cleanChar;
		cleanChtype;
		cmpStrChstr;
		copyChar;
		copyChtype;
		deactivateCDKMarquee;
		deleteCDKScrollItem;
		deleteCursesWindow;
		deleteFileCB;
		destroyCDKScreen;
		destroyCDKScreenObjects;
		dirName;
		drawCDKButtonboxButtons;
		drawCDKDialogButtons;
		drawCDKItemlistField;
		drawCDKMentryField;
		drawCDKMenuSubwin;
		drawCDKScreen;
		drawCdkTitle;
		drawLine;
		drawObjBox;
		drawShadow;
		dumpCDKSwindow;
		endCDK;
		eraseCDKMenuSubwin;
		eraseCDKScreen;
		eraseCursesWindow;
		execCDKSwindow;
		exitCancelCDKScreen;
		exitCancelCDKScreenOf;
		exitOKCDKScreen;
		exitOKCDKScreenOf;
		floorCDK;
		freeChar;
		freeCharList;
		freeChtype;
		freeChtypeList;
		getCDKAlphalistBox;
		getCDKAlphalistContents;
		getCDKAlphalistFillerChar;
		getCDKAlphalistHighlight;
		getCDKButtonBox;
		getCDKButtonMessage;
		getCDKButtonboxBox;
		getCDKButtonboxButtonCount;
		getCDKButtonboxCurrentButton;
		getCDKButtonboxHighlight;
		getCDKCalendarBox;
		getCDKCalendarDate;
		getCDKCalendarDayAttribute;
		getCDKCalendarHighlight;
		getCDKCalendarMarker;
		getCDKCalendarMonthAttribute;
		getCDKCalendarYearAttribute;
		getCDKDScaleBox;
		getCDKDScaleDigits;
		getCDKDScaleHighValue;
		getCDKDScaleLowValue;
		getCDKDScaleValue;
		getCDKDialogBox;
		getCDKDialogHighlight;
		getCDKDialogSeparator;
		getCDKEntryBox;
		getCDKEntryFillerChar;
		getCDKEntryHiddenChar;
		getCDKEntryMax;
		getCDKEntryMin;
		getCDKEntryValue;
		getCDKFScaleBox;
		getCDKFScaleDigits;
		getCDKFScaleHighValue;
		getCDKFScaleLowValue;
		getCDKFScaleValue;
		getCDKFSliderBox;
		getCDKFSliderDigits;
		getCDKFSliderHighValue;
		getCDKFSliderLowValue;
		getCDKFSliderValue;
		getCDKFocusCurrent;
		getCDKFselectBox;
		getCDKFselectDirAttribute;
		getCDKFselectDirContents;
		getCDKFselectDirectory;
		getCDKFselectFileAttribute;
		getCDKFselectFillerChar;
		getCDKFselectHighlight;
		getCDKFselectLinkAttribute;
		getCDKFselectSocketAttribute;
		getCDKGraphBox;
		getCDKGraphCharacter;
		getCDKGraphCharacters;
		getCDKGraphDisplayType;
		getCDKGraphValue;
		getCDKGraphValues;
		getCDKHistogramBox;
		getCDKHistogramFillerChar;
		getCDKHistogramHighValue;
		getCDKHistogramLowValue;
		getCDKHistogramStatsAttr;
		getCDKHistogramStatsPos;
		getCDKHistogramValue;
		getCDKHistogramViewType;
		getCDKItemlistBox;
		getCDKItemlistCurrentItem;
		getCDKItemlistDefaultItem;
		getCDKItemlistValues;
		getCDKLabelBox;
		getCDKLabelMessage;
		getCDKMarqueeBox;
		getCDKMatrixBox;
		getCDKMatrixCell;
		getCDKMatrixCol;
		getCDKMatrixRow;
		getCDKMentryBox;
		getCDKMentryFillerChar;
		getCDKMentryHiddenChar;
		getCDKMentryMin;
		getCDKMentryValue;
		getCDKMenuCurrentItem;
		getCDKMenuSubTitleHighlight;
		getCDKMenuTitleHighlight;
		getCDKRadioBox;
		getCDKRadioChoiceCharacter;
		getCDKRadioCurrentItem;
		getCDKRadioHighlight;
		getCDKRadioItems;
		getCDKRadioLeftBrace;
		getCDKRadioRightBrace;
		getCDKScaleBox;
		getCDKScaleHighValue;
		getCDKScaleLowValue;
		getCDKScaleValue;
		getCDKScrollBox;
		getCDKScrollCurrent;
		getCDKScrollHighlight;
		getCDKScrollItems;
		getCDKSelectionBox;
		getCDKSelectionChoice;
		getCDKSelectionChoices;
		getCDKSelectionCurrent;
		getCDKSelectionHighlight;
		getCDKSelectionItems;
		getCDKSelectionMode;
		getCDKSelectionModes;
		getCDKSelectionTitle;
		getCDKSliderBox;
		getCDKSliderHighValue;
		getCDKSliderLowValue;
		getCDKSliderValue;
		getCDKSwindowBox;
		getCDKSwindowContents;
		getCDKTemplateBox;
		getCDKTemplateMin;
		getCDKTemplateValue;
		getCDKUScaleBox;
		getCDKUScaleHighValue;
		getCDKUScaleLowValue;
		getCDKUScaleValue;
		getCDKUSliderBox;
		getCDKUSliderHighValue;
		getCDKUSliderLowValue;
		getCDKUSliderValue;
		getCDKViewerBox;
		getCDKViewerHighlight;
		getCDKViewerInfo;
		getCDKViewerInfoLine;
		getCDKViewerTitle;
		getDirectoryContents;
		getListIndex;
		getString;
		getcCDKBind;
		getcCDKObject;
		initCDKColor;
		initCDKScreen;
		intlen;
		jumpToCell;
		jumpToLineCDKSwindow;
		justifyString;
		loadCDKSwindowInformation;
		lowerCDKObject;
		mixCDKTemplate;
		mode2Char;
		mode2Filetype;
		moveCursesWindow;
		moveToCDKMatrixCell;
		newCDKAlphalist;
		newCDKButton;
		newCDKButtonbox;
		newCDKCalendar;
		newCDKDScale;
		newCDKDialog;
		newCDKEntry;
		newCDKFScale;
		newCDKFSlider;
		newCDKFselect;
		newCDKGraph;
		newCDKHistogram;
		newCDKItemlist;
		newCDKLabel;
		newCDKMarquee;
		newCDKMatrix;
		newCDKMentry;
		newCDKMenu;
		newCDKRadio;
		newCDKScale;
		newCDKScroll;
		newCDKSelection;
		newCDKSlider;
		newCDKSwindow;
		newCDKTemplate;
		newCDKUScale;
		newCDKUSlider;
		newCDKViewer;
		popupDialog;
		popupLabel;
		popupLabelAttrib;
		positionCDKButton;
		positionCDKObject;
		raiseCDKObject;
		readFile;
		refreshCDKScreen;
		refreshCDKWindow;
		registerCDKObject;
		removeCDKCalendarMarker;
		resetCDKScreen;
		resetCDKScreenOf;
		saveCDKSwindowInformation;
		searchList;
		selectFile;
		setCDKAlphalist;
		setCDKAlphalistBox;
		setCDKAlphalistContents;
		setCDKAlphalistFillerChar;
		setCDKAlphalistHighlight;
		setCDKAlphalistPostProcess;
		setCDKAlphalistPreProcess;
		setCDKButton;
		setCDKButtonBox;
		setCDKButtonMessage;
		setCDKButtonbox;
		setCDKButtonboxBox;
		setCDKButtonboxCurrentButton;
		setCDKButtonboxHighlight;
		setCDKCalendar;
		setCDKCalendarBox;
		setCDKCalendarDate;
		setCDKCalendarDayAttribute;
		setCDKCalendarDaysNames;
		setCDKCalendarHighlight;
		setCDKCalendarMarker;
		setCDKCalendarMonthAttribute;
		setCDKCalendarMonthsNames;
		setCDKCalendarYearAttribute;
		setCDKDScale;
		setCDKDScaleBox;
		setCDKDScaleDigits;
		setCDKDScaleLowHigh;
		setCDKDScaleValue;
		setCDKDialog;
		setCDKDialogBox;
		setCDKDialogHighlight;
		setCDKDialogSeparator;
		setCDKEntry;
		setCDKEntryBox;
		setCDKEntryCB;
		setCDKEntryFillerChar;
		setCDKEntryHiddenChar;
		setCDKEntryHighlight;
		setCDKEntryMax;
		setCDKEntryMin;
		setCDKEntryValue;
		setCDKFScale;
		setCDKFScaleBox;
		setCDKFScaleDigits;
		setCDKFScaleLowHigh;
		setCDKFScaleValue;
		setCDKFSlider;
		setCDKFSliderBox;
		setCDKFSliderDigits;
		setCDKFSliderLowHigh;
		setCDKFSliderValue;
		setCDKFocusNext;
		setCDKFocusPrevious;
		setCDKFselect;
		setCDKFselectBox;
		setCDKFselectDirAttribute;
		setCDKFselectDirContents;
		setCDKFselectDirectory;
		setCDKFselectFileAttribute;
		setCDKFselectFillerChar;
		setCDKFselectHighlight;
		setCDKFselectLinkAttribute;
		setCDKFselectPostProcess;
		setCDKFselectPreProcess;
		setCDKFselectSocketAttribute;
		setCDKGraph;
		setCDKGraphBox;
		setCDKGraphCharacter;
		setCDKGraphCharacters;
		setCDKGraphDisplayType;
		setCDKGraphValue;
		setCDKGraphValues;
		setCDKHistogram;
		setCDKHistogramBox;
		setCDKHistogramDisplayType;
		setCDKHistogramFillerChar;
		setCDKHistogramStatsAttr;
		setCDKHistogramStatsPos;
		setCDKHistogramValue;
		setCDKItemlist;
		setCDKItemlistBox;
		setCDKItemlistCurrentItem;
		setCDKItemlistDefaultItem;
		setCDKItemlistValues;
		setCDKLabel;
		setCDKLabelBox;
		setCDKLabelMessage;
		setCDKMarqueeBox;
		setCDKMatrixBox;
		setCDKMatrixCell;
		setCDKMatrixCells;
		setCDKMentry;
		setCDKMentryBox;
		setCDKMentryCB;
		setCDKMentryFillerChar;
		setCDKMentryHiddenChar;
		setCDKMentryMin;
		setCDKMentryValue;
		setCDKMenu;
		setCDKMenuCurrentItem;
		setCDKMenuSubTitleHighlight;
		setCDKMenuTitleHighlight;
		setCDKObjectBackgroundColor;
		setCDKObjectPostProcess;
		setCDKObjectPreProcess;
		setCDKRadio;
		setCDKRadioBox;
		setCDKRadioChoiceCharacter;
		setCDKRadioCurrentItem;
		setCDKRadioHighlight;
		setCDKRadioItems;
		setCDKRadioLeftBrace;
		setCDKRadioRightBrace;
		setCDKScale;
		setCDKScaleBox;
		setCDKScaleLowHigh;
		setCDKScaleValue;
		setCDKScroll;
		setCDKScrollBox;
		setCDKScrollCurrent;
		setCDKScrollHighlight;
		setCDKScrollItems;
		setCDKScrollPosition;
		setCDKSelection;
		setCDKSelectionBox;
		setCDKSelectionChoice;
		setCDKSelectionChoices;
		setCDKSelectionCurrent;
		setCDKSelectionHighlight;
		setCDKSelectionItems;
		setCDKSelectionMode;
		setCDKSelectionModes;
		setCDKSelectionTitle;
		setCDKSlider;
		setCDKSliderBox;
		setCDKSliderLowHigh;
		setCDKSliderValue;
		setCDKSwindow;
		setCDKSwindowBox;
		setCDKSwindowContents;
		setCDKTemplate;
		setCDKTemplateBox;
		setCDKTemplateCB;
		setCDKTemplateMin;
		setCDKTemplateValue;
		setCDKUScale;
		setCDKUScaleBox;
		setCDKUScaleLowHigh;
		setCDKUScaleValue;
		setCDKUSlider;
		setCDKUSliderBox;
		setCDKUSliderLowHigh;
		setCDKUSliderValue;
		setCDKViewer;
		setCDKViewerBox;
		setCDKViewerHighlight;
		setCDKViewerInfo;
		setCDKViewerInfoLine;
		setCDKViewerTitle;
		setCdkBXattr;
		setCdkExitType;
		setCdkHZchar;
		setCdkLLchar;
		setCdkLRchar;
		setCdkTitle;
		setCdkULchar;
		setCdkURchar;
		setCdkVTchar;
		setWidgetDimension;
		sortList;
		splitString;
		startCDKDebug;
		stopCDKDebug;
		stripWhiteSpace;
		traverseCDKScreen;
		trimCDKSwindow;
		unbindCDKObject;
		unmixCDKTemplate;
		unregisterCDKObject;
		validCDKObject;
		viewFile;
		viewInfo;
		waitCDKLabel;
		writeBlanks;
		writeCDKDebugMessage;
		writeChar;
		writeCharAttrib;
		writeChtype;
		writeChtypeAttrib;
	local: _*;
};

/* 2005/03/08 */
CDK_2.3.1 {
	global:
		isCDKObjectBind;
} CDK_2.0.0;

/* 2005/03/23 */
CDK_2.4.1 {
	global:
		insertCDKScrollItem;
} CDK_2.3.1;

/* 2006/02/20 */
CDK_3.1.2 {
	global:
		getCDKRadioSelectedItem;
		getchCDKObject;
		setCDKFocusCurrent;
		setCDKFocusFirst;
		setCDKFocusLast;
		setCDKMatrixCB;
		setCDKRadioSelectedItem;
		traverseCDKOnce;
} CDK_2.4.1;

/* 2006/05/07 */
CDK_4.0.3 {
	global:
		copyCharList;
		copyChtypeList;
		filterByDisplayType;
		getCDKAlphalistCurrentItem;
		getCDKFselectContents;
		getCDKFselectCurrentItem;
		getCDKScrollCurrentItem;
		getCDKScrollCurrentTop;
		isHiddenDisplayType;
		lenCharList;
		lenChtypeList;
		setCDKAlphalistCurrentItem;
		setCDKFselectContents;
		setCDKFselectCurrentItem;
		setCDKScrollCurrentItem;
		setCDKScrollCurrentTop;
} CDK_3.1.2;

/* 2013/09/01 */
CDK_5.0.4 {
	global:
		scroller_FixCursorPosition;
		scroller_KEY_DOWN;
		scroller_KEY_END;
		scroller_KEY_HOME;
		scroller_KEY_LEFT;
		scroller_KEY_NPAGE;
		scroller_KEY_PPAGE;
		scroller_KEY_RIGHT;
		scroller_KEY_UP;
		scroller_MaxViewSize;
		scroller_SetPosition;
		scroller_SetViewSize;
} CDK_4.0.3;

/* 2016/11/19 */
CDK_6.1.4 {
	global:
		reRegisterCDKObject;
} CDK_5.0.4;

/* 2019/02/20 */
CDK_6.2.4 {
	global:
		getCdkTitle;
} CDK_6.1.4;
